2026-09-14 10:23:53,619 INFO discovered 510 source entries in test_cases_dh_enhanced.json
2026-09-14 10:23:53,619 INFO selected 500 entries with seed=42: source indices [0, 1, 2, 3, 4, 5, 6, 7, 8, 9, 10, 11, 12, 13, 14, 15, 16, 17, 18, 19, 20, 21, 22, 23, 24, 25, 26, 27, 28, 29, 30, 31, 32, 33, 34, 35, 36, 37, 38, 39, 40, 41, 42, 43, 44, 45, 46, 47, 48, 49, 50, 51, 52, 53, 54, 55, 56, 57, 58, 59, 60, 61, 62, 63, 64, 65, 66, 67, 68, 69, 70, 71, 72, 73, 74, 75, 76, 77, 78, 79, 80, 81, 82, 83, 84, 85, 86, 87, 88, 89, 90, 91, 93, 94, 95, 96, 97, 98, 99, 100, 101, 102, 103, 104, 105, 106, 107, 108, 109, 110, 111, 112, 113, 114, 115, 116, 117, 118, 119, 120, 121, 122, 123, 124, 125, 126, 128, 129, 130, 131, 132, 133, 134, 135, 136, 137, 138, 139, 140, 141, 142, 143, 144, 145, 146, 147, 148, 149, 150, 151, 152, 153, 154, 155, 156, 157, 158, 159, 160, 161, 162, 163, 164, 165, 166, 167, 168, 169, 170, 171, 172, 173, 174, 175, 176, 177, 178, 179, 180, 181, 183, 184, 185, 186, 187, 188, 189, 190, 191, 192, 193, 194, 195, 196, 197, 198, 200, 201, 202, 203, 204, 205, 206, 207, 208, 209, 210, 211, 212, 214, 215, 216, 217, 218, 219, 220, 221, 222, 223, 224, 225, 226, 227, 228, 229, 230, 231, 232, 233, 234, 235, 236, 238, 239, 240, 241, 242, 243, 244, 245, 246, 247, 248, 249, 250, 251, 252, 253, 254, 255, 256, 257, 258, 259, 260, 261, 262, 263, 264, 265, 266, 267, 268, 269, 270, 271, 272, 273, 274, 275, 276, 277, 278, 279, 280, 281, 282, 283, 284, 285, 286, 287, 288, 289, 290, 291, 292, 293, 294, 295, 296, 297, 298, 299, 300, 301, 302, 303, 304, 305, 306, 307, 308, 309, 310, 311, 312, 313, 315, 316, 317, 318, 319, 320, 321, 322, 323, 324, 325, 326, 327, 328, 329, 330, 331, 332, 333, 334, 335, 336, 337, 338, 339, 340, 342, 343, 344, 345, 346, 347, 348, 349, 350, 351, 352, 353, 354, 355, 356, 357, 358, 359, 360, 361, 362, 363, 364, 365, 366, 367, 368, 369, 370, 371, 372, 373, 374, 375, 377, 378, 379, 380, 381, 382, 383, 384, 385, 386, 387, 388, 389, 390, 391, 392, 393, 394, 395, 396, 397, 398, 399, 400, 401, 402, 403, 404, 405, 406, 407, 408, 409, 410, 411, 412, 413, 414, 415, 416, 417, 418, 419, 420, 421, 422, 423, 424, 425, 426, 427, 428, 429, 430, 431, 432, 433, 434, 435, 436, 437, 438, 439, 440, 441, 442, 443, 444, 445, 446, 447, 448, 449, 450, 451, 452, 453, 454, 455, 456, 457, 458, 459, 460, 461, 462, 464, 465, 466, 467, 468, 469, 470, 471, 472, 473, 474, 475, 476, 477, 478, 479, 480, 481, 482, 483, 484, 485, 486, 487, 488, 489, 490, 491, 492, 493, 494, 495, 496, 497, 498, 499, 500, 501, 502, 503, 504, 505, 506, 507, 508, 509]
2026-09-14 10:23:53,814 INFO processing entry 1/500 (source index 0)
2026-09-14 10:23:59,871 INFO HTTP Request: POST http://localhost:8000/v1/chat/completions "HTTP/1.1 200 OK"
2026-09-14 10:23:59,876 INFO retry attempt 1 after: 
2026-09-14 10:24:10,523 INFO HTTP Request: POST http://localhost:8000/v1/chat/completions "HTTP/1.1 200 OK"
2026-09-14 10:24:10,524 INFO retry attempt 2 after: 
2026-09-14 10:24:14,725 INFO HTTP Request: POST http://localhost:8000/v1/chat/completions "HTTP/1.1 200 OK"
2026-09-14 10:24:14,726 INFO retry attempt 3 after: 
2026-09-14 10:24:17,849 INFO HTTP Request: POST http://localhost:8000/v1/chat/completions "HTTP/1.1 200 OK"
2026-09-14 10:24:17,851 ERROR failed entry 1/500 (source index 0): failed to produce valid enrichment after 4 attempts; last error: 
2026-09-14 10:24:17,851 INFO processing entry 2/500 (source index 1)
2026-09-14 10:24:21,906 INFO HTTP Request: POST http://localhost:8000/v1/chat/completions "HTTP/1.1 200 OK"
2026-09-14 10:24:21,907 INFO retry attempt 1 after: 
2026-09-14 10:24:24,219 INFO HTTP Request: POST http://localhost:8000/v1/chat/completions "HTTP/1.1 200 OK"
2026-09-14 10:24:24,219 INFO retry attempt 2 after: 
2026-09-14 10:24:27,301 INFO Retrying request to /chat/completions in 0.498359 seconds
2026-09-14 10:24:31,754 INFO HTTP Request: POST http://localhost:8000/v1/chat/completions "HTTP/1.1 200 OK"
2026-09-14 10:24:31,755 INFO retry attempt 3 after: 
2026-09-14 10:24:34,642 INFO HTTP Request: POST http://localhost:8000/v1/chat/completions "HTTP/1.1 200 OK"
2026-09-14 10:24:34,643 ERROR failed entry 2/500 (source index 1): failed to produce valid enrichment after 4 attempts; last error: 
2026-09-14 10:24:34,643 INFO processing entry 3/500 (source index 2)
2026-09-14 10:24:39,366 INFO HTTP Request: POST http://localhost:8000/v1/chat/completions "HTTP/1.1 200 OK"
2026-09-14 10:24:39,367 INFO retry attempt 1 after: 
2026-09-14 10:24:43,400 INFO HTTP Request: POST http://localhost:8000/v1/chat/completions "HTTP/1.1 200 OK"
2026-09-14 10:24:43,401 INFO retry attempt 2 after: 
2026-09-14 10:24:46,570 INFO HTTP Request: POST http://localhost:8000/v1/chat/completions "HTTP/1.1 200 OK"
2026-09-14 10:24:46,570 INFO retry attempt 3 after: 
2026-09-14 10:24:51,799 INFO HTTP Request: POST http://localhost:8000/v1/chat/completions "HTTP/1.1 200 OK"
2026-09-14 10:24:51,800 ERROR failed entry 3/500 (source index 2): failed to produce valid enrichment after 4 attempts; last error: 
2026-09-14 10:24:51,800 INFO processing entry 4/500 (source index 3)
2026-09-14 10:24:54,176 INFO HTTP Request: POST http://localhost:8000/v1/chat/completions "HTTP/1.1 200 OK"
2026-09-14 10:24:54,177 INFO retry attempt 1 after: 
2026-09-14 10:37:09,527 INFO discovered 1054 source entries in combined-injecAgent-entries.json
2026-09-14 10:37:09,527 INFO selected 500 entries with seed=42: source indices [0, 2, 3, 7, 8, 9, 11, 13, 15, 19, 21, 24, 25, 32, 36, 39, 40, 42, 44, 45, 46, 48, 51, 52, 54, 55, 57, 58, 59, 60, 61, 62, 65, 67, 69, 70, 71, 72, 73, 74, 75, 77, 80, 81, 82, 83, 87, 93, 94, 95, 96, 99, 100, 102, 103, 105, 106, 108, 109, 110, 111, 112, 114, 117, 118, 122, 123, 127, 128, 130, 131, 133, 134, 135, 137, 141, 142, 143, 146, 151, 152, 156, 158, 159, 161, 163, 165, 166, 167, 168, 169, 170, 175, 178, 181, 182, 183, 187, 189, 190, 191, 194, 196, 197, 203, 204, 205, 208, 209, 214, 215, 216, 217, 218, 219, 222, 224, 225, 227, 228, 230, 233, 234, 235, 238, 240, 242, 243, 244, 245, 246, 248, 250, 252, 253, 254, 255, 257, 267, 268, 269, 270, 271, 273, 274, 276, 278, 283, 284, 285, 288, 291, 292, 296, 300, 303, 305, 306, 307, 309, 312, 314, 315, 318, 319, 321, 322, 323, 326, 331, 332, 338, 340, 341, 346, 347, 348, 351, 352, 357, 358, 362, 363, 366, 367, 370, 371, 373, 378, 379, 382, 387, 388, 389, 390, 391, 394, 399, 405, 407, 408, 410, 412, 413, 416, 420, 421, 422, 429, 432, 433, 437, 438, 440, 441, 445, 447, 448, 451, 452, 453, 457, 459, 462, 464, 465, 468, 469, 470, 471, 473, 476, 478, 479, 481, 484, 486, 488, 492, 497, 498, 500, 501, 505, 511, 512, 514, 517, 518, 519, 520, 521, 526, 529, 535, 540, 541, 543, 545, 546, 549, 550, 551, 552, 553, 555, 556, 558, 562, 563, 564, 565, 566, 567, 569, 570, 573, 574, 576, 578, 580, 583, 584, 590, 591, 592, 593, 597, 598, 602, 608, 609, 610, 613, 618, 619, 621, 623, 626, 629, 633, 634, 636, 640, 642, 643, 646, 650, 654, 655, 656, 658, 660, 661, 663, 664, 665, 667, 669, 671, 674, 675, 676, 677, 685, 686, 687, 689, 691, 696, 697, 698, 699, 701, 704, 706, 710, 713, 718, 720, 721, 723, 724, 725, 730, 734, 735, 736, 738, 739, 740, 743, 745, 746, 747, 748, 749, 750, 751, 753, 759, 760, 762, 764, 765, 766, 768, 769, 773, 776, 778, 780, 784, 786, 787, 789, 791, 794, 795, 797, 804, 810, 811, 812, 814, 815, 817, 818, 820, 824, 826, 827, 829, 830, 831, 837, 841, 842, 844, 848, 849, 850, 851, 853, 854, 859, 862, 863, 864, 865, 867, 869, 871, 874, 875, 876, 878, 880, 881, 882, 886, 887, 888, 889, 894, 895, 896, 897, 899, 900, 901, 903, 905, 906, 912, 913, 915, 917, 919, 921, 923, 925, 927, 928, 933, 934, 935, 936, 937, 940, 941, 943, 944, 945, 947, 948, 952, 956, 958, 959, 961, 962, 966, 970, 972, 973, 977, 978, 980, 981, 985, 991, 992, 996, 998, 1004, 1005, 1006, 1009, 1011, 1013, 1015, 1016, 1021, 1022, 1024, 1025, 1026, 1028, 1029, 1033, 1034, 1039, 1044, 1045, 1047, 1048, 1051, 1052, 1053]
2026-09-14 10:37:09,722 INFO processing entry 1/500 (source index 0)
2026-09-14 10:37:15,560 INFO HTTP Request: POST http://localhost:8000/v1/chat/completions "HTTP/1.1 200 OK"
2026-09-14 10:37:15,565 INFO retry attempt 1 after: 
2026-09-14 10:37:19,095 INFO Retrying request to /chat/completions in 0.430072 seconds
2026-09-14 10:37:26,703 INFO HTTP Request: POST http://localhost:8000/v1/chat/completions "HTTP/1.1 200 OK"
2026-09-14 10:37:26,704 INFO retry attempt 2 after: 
